Archive member included because of file (symbol)

/home/rattboi/Code/loadframe-capstone-psu2013/code/CMSISv2p00_LPC11xx/Debug/libCMSISv2p00_LPC11xx.a(system_LPC11xx.o)
                              ./src/cr_startup_lpc11.o (SystemInit)
/usr/local/lpcxpresso_4.3.0_1025/lpcxpresso/tools/bin/../lib/gcc/arm-none-eabi/4.5.1/../../../../arm-none-eabi/lib/armv6-m/libcr_c.a(__weak__main.o)
                              ./src/cr_startup_lpc11.o (__main)
/usr/local/lpcxpresso_4.3.0_1025/lpcxpresso/tools/bin/../lib/gcc/arm-none-eabi/4.5.1/armv6-m/libcr_eabihelpers.a(division.o)
                              ./src/sseg.o (__aeabi_idiv)

Allocating common symbols
Common symbol       size              file

writebuf            0xa               ./src/sseg.o

Discarded input sections

 .text          0x00000000        0x0 ./src/adc.o
 .data          0x00000000        0x0 ./src/adc.o
 .bss           0x00000000        0x0 ./src/adc.o
 .text          0x00000000        0x0 ./src/cr_startup_lpc11.o
 .data          0x00000000        0x0 ./src/cr_startup_lpc11.o
 .bss           0x00000000        0x0 ./src/cr_startup_lpc11.o
 .text          0x00000000        0x0 ./src/dac.o
 .data          0x00000000        0x0 ./src/dac.o
 .bss           0x00000000        0x0 ./src/dac.o
 .rodata.LPC_GPIO
                0x00000000       0x10 ./src/dac.o
 .text.dac_send
                0x00000000       0x70 ./src/dac.o
 .text          0x00000000        0x0 ./src/gpio.o
 .data          0x00000000        0x0 ./src/gpio.o
 .bss           0x00000000        0x0 ./src/gpio.o
 .text.GPIOSetInterrupt
                0x00000000      0x334 ./src/gpio.o
 .text.GPIOIntEnable
                0x00000000       0xa8 ./src/gpio.o
 .text.GPIOIntDisable
                0x00000000       0xa8 ./src/gpio.o
 .text.GPIOIntStatus
                0x00000000       0xbc ./src/gpio.o
 .text.GPIOIntClear
                0x00000000       0xa8 ./src/gpio.o
 .text          0x00000000        0x0 ./src/main.o
 .data          0x00000000        0x0 ./src/main.o
 .bss           0x00000000        0x0 ./src/main.o
 .text.GetButton
                0x00000000       0x5c ./src/main.o
 .bss.sample.1583
                0x00000000        0x2 ./src/main.o
 .bss.state.1575
                0x00000000       0x18 ./src/main.o
 .bss.last_state.1574
                0x00000000       0x18 ./src/main.o
 .bss.button.1573
                0x00000000       0x18 ./src/main.o
 .text          0x00000000        0x0 ./src/sseg.o
 .data          0x00000000        0x0 ./src/sseg.o
 .bss           0x00000000        0x0 ./src/sseg.o
 .text          0x00000000        0x0 ./src/ssp.o
 .data          0x00000000        0x0 ./src/ssp.o
 .bss           0x00000000        0x0 ./src/ssp.o
 .rodata.LPC_GPIO
                0x00000000       0x10 ./src/ssp.o
 .text.SSP_Send8
                0x00000000       0xc0 ./src/ssp.o
 .text          0x00000000        0x0 /home/rattboi/Code/loadframe-capstone-psu2013/code/CMSISv2p00_LPC11xx/Debug/libCMSISv2p00_LPC11xx.a(system_LPC11xx.o)
 .data          0x00000000        0x0 /home/rattboi/Code/loadframe-capstone-psu2013/code/CMSISv2p00_LPC11xx/Debug/libCMSISv2p00_LPC11xx.a(system_LPC11xx.o)
 .bss           0x00000000        0x0 /home/rattboi/Code/loadframe-capstone-psu2013/code/CMSISv2p00_LPC11xx/Debug/libCMSISv2p00_LPC11xx.a(system_LPC11xx.o)
 .text.SystemCoreClockUpdate
                0x00000000       0x9c /home/rattboi/Code/loadframe-capstone-psu2013/code/CMSISv2p00_LPC11xx/Debug/libCMSISv2p00_LPC11xx.a(system_LPC11xx.o)
 .rodata.CSWTCH.6
                0x00000000       0x40 /home/rattboi/Code/loadframe-capstone-psu2013/code/CMSISv2p00_LPC11xx/Debug/libCMSISv2p00_LPC11xx.a(system_LPC11xx.o)
 .data.SystemCoreClock
                0x00000000        0x4 /home/rattboi/Code/loadframe-capstone-psu2013/code/CMSISv2p00_LPC11xx/Debug/libCMSISv2p00_LPC11xx.a(system_LPC11xx.o)
 .text          0x00000000        0x0 /usr/local/lpcxpresso_4.3.0_1025/lpcxpresso/tools/bin/../lib/gcc/arm-none-eabi/4.5.1/../../../../arm-none-eabi/lib/armv6-m/libcr_c.a(__weak__main.o)
 .data          0x00000000        0x0 /usr/local/lpcxpresso_4.3.0_1025/lpcxpresso/tools/bin/../lib/gcc/arm-none-eabi/4.5.1/../../../../arm-none-eabi/lib/armv6-m/libcr_c.a(__weak__main.o)
 .bss           0x00000000        0x0 /usr/local/lpcxpresso_4.3.0_1025/lpcxpresso/tools/bin/../lib/gcc/arm-none-eabi/4.5.1/../../../../arm-none-eabi/lib/armv6-m/libcr_c.a(__weak__main.o)
 .text          0x00000000        0x0 /usr/local/lpcxpresso_4.3.0_1025/lpcxpresso/tools/bin/../lib/gcc/arm-none-eabi/4.5.1/armv6-m/libcr_eabihelpers.a(division.o)
 .data          0x00000000        0x0 /usr/local/lpcxpresso_4.3.0_1025/lpcxpresso/tools/bin/../lib/gcc/arm-none-eabi/4.5.1/armv6-m/libcr_eabihelpers.a(division.o)
 .bss           0x00000000        0x0 /usr/local/lpcxpresso_4.3.0_1025/lpcxpresso/tools/bin/../lib/gcc/arm-none-eabi/4.5.1/armv6-m/libcr_eabihelpers.a(division.o)
 .text.__aeabi_division_uldivmod
                0x00000000       0x5a /usr/local/lpcxpresso_4.3.0_1025/lpcxpresso/tools/bin/../lib/gcc/arm-none-eabi/4.5.1/armv6-m/libcr_eabihelpers.a(division.o)
 .text.__aeabi_division_ldivmod
                0x00000000       0x32 /usr/local/lpcxpresso_4.3.0_1025/lpcxpresso/tools/bin/../lib/gcc/arm-none-eabi/4.5.1/armv6-m/libcr_eabihelpers.a(division.o)
 .text.__aeabi_division_ldiv0
                0x00000000        0x2 /usr/local/lpcxpresso_4.3.0_1025/lpcxpresso/tools/bin/../lib/gcc/arm-none-eabi/4.5.1/armv6-m/libcr_eabihelpers.a(division.o)
 .text.__aeabi_division_idivq31+15
                0x00000000      0x188 /usr/local/lpcxpresso_4.3.0_1025/lpcxpresso/tools/bin/../lib/gcc/arm-none-eabi/4.5.1/armv6-m/libcr_eabihelpers.a(division.o)

Memory Configuration

Name             Origin             Length             Attributes
MFlash32         0x00000000         0x00008000         xr
RamLoc8          0x10000000         0x00002000         xrw
*default*        0x00000000         0xffffffff

Linker script and memory map

LOAD ./src/adc.o
LOAD ./src/cr_startup_lpc11.o
LOAD ./src/dac.o
LOAD ./src/gpio.o
LOAD ./src/main.o
LOAD ./src/sseg.o
LOAD ./src/ssp.o
LOAD /home/rattboi/Code/loadframe-capstone-psu2013/code/CMSISv2p00_LPC11xx/Debug/libCMSISv2p00_LPC11xx.a
START GROUP
LOAD /usr/local/lpcxpresso_4.3.0_1025/lpcxpresso/tools/bin/../lib/gcc/arm-none-eabi/4.5.1/../../../../arm-none-eabi/lib/armv6-m/libcr_c.a
LOAD /usr/local/lpcxpresso_4.3.0_1025/lpcxpresso/tools/bin/../lib/gcc/arm-none-eabi/4.5.1/armv6-m/libcr_eabihelpers.a
END GROUP
                0x00008000                __top_MFlash32 = 0x8000
                0x10002000                __top_RamLoc8 = 0x10002000

.text           0x00000000     0x14d8
 FILL mask 0xff
 *(.isr_vector)
 .isr_vector    0x00000000       0xc0 ./src/cr_startup_lpc11.o
                0x00000000                g_pfnVectors
                0x000000c0                . = ALIGN (0x4)
                0x000000c0                __section_table_start = .
                0x000000c0                __data_section_table = .
                0x000000c0        0x4 LONG 0x14d8 LOADADDR (.data)
                0x000000c4        0x4 LONG 0x10000000 ADDR (.data)
                0x000000c8        0x4 LONG 0xb0 SIZEOF (.data)
                0x000000cc                __data_section_table_end = .
                0x000000cc                __bss_section_table = .
                0x000000cc        0x4 LONG 0x100000b0 ADDR (.bss)
                0x000000d0        0x4 LONG 0xcc SIZEOF (.bss)
                0x000000d4                __bss_section_table_end = .
                0x000000d4                __section_table_end = .
 *(.after_vectors*)
 .after_vectors
                0x000000d4       0x7c ./src/cr_startup_lpc11.o
                0x000000d4                NMI_Handler
                0x000000d8                HardFault_Handler
                0x000000dc                SVC_Handler
                0x000000e0                PendSV_Handler
                0x000000e8                data_init
                0x000000fa                bss_init
                0x0000010c                ResetISR
                0x0000014c                TIMER16_0_IRQHandler
                0x0000014c                UART_IRQHandler
                0x0000014c                TIMER32_0_IRQHandler
                0x0000014c                TIMER32_1_IRQHandler
                0x0000014c                IntDefaultHandler
                0x0000014c                PIOINT1_IRQHandler
                0x0000014c                CAN_IRQHandler
                0x0000014c                TIMER16_1_IRQHandler
                0x0000014c                ADC_IRQHandler
                0x0000014c                PIOINT2_IRQHandler
                0x0000014c                BOD_IRQHandler
                0x0000014c                WAKEUP_IRQHandler
                0x0000014c                PIOINT0_IRQHandler
                0x0000014c                I2C_IRQHandler
                0x0000014c                WDT_IRQHandler
                0x0000014c                PIOINT3_IRQHandler
                0x000002fc                . = 0x2fc
 *fill*         0x00000150      0x1ac ff
                0x000002fc                PROVIDE (__CRP_WORD_START__, .)
 *(.crp)
 .crp           0x000002fc        0x4 ./src/main.o
                0x000002fc                CRP_WORD
                0x00000300                PROVIDE (__CRP_WORD_END__, .)
                0x00000001                ASSERT (! ((__CRP_WORD_START__ == __CRP_WORD_END__)), Linker CRP Enabled, but no CRP_WORD provided within application)
 *(.text*)
 .text.adc_init
                0x00000300       0x18 ./src/adc.o
                0x00000300                adc_init
 .text.adc_read
                0x00000318       0x90 ./src/adc.o
                0x00000318                adc_read
 .text.dac_init
                0x000003a8       0x18 ./src/dac.o
                0x000003a8                dac_init
 .text.GPIOInit
                0x000003c0       0x1c ./src/gpio.o
                0x000003c0                GPIOInit
 .text.GPIOSetValue
                0x000003dc       0x38 ./src/gpio.o
                0x000003dc                GPIOSetValue
 .text.GPIOSetDir
                0x00000414       0x74 ./src/gpio.o
                0x00000414                GPIOSetDir
 .text.ProcessButton
                0x00000488      0x154 ./src/main.o
                0x00000488                ProcessButton
 .text.debug_init
                0x000005dc       0x44 ./src/main.o
                0x000005dc                debug_init
 .text.ui_init  0x00000620       0x44 ./src/main.o
                0x00000620                ui_init
 .text.main     0x00000664      0x154 ./src/main.o
                0x00000664                main
 .text.ProcessTareButtons
                0x000007b8       0x5c ./src/main.o
                0x000007b8                ProcessTareButtons
 .text.ProcessToggleSwitch
                0x00000814       0x3c ./src/main.o
                0x00000814                ProcessToggleSwitch
 .text.ProcessEncoder
                0x00000850       0xec ./src/main.o
                0x00000850                ProcessEncoder
 .text.disp_off
                0x0000093c       0x30 ./src/sseg.o
                0x0000093c                disp_off
 .text.sendval  0x0000096c       0xf4 ./src/sseg.o
                0x0000096c                sendval
 .text.bcdto7seg
                0x00000a60       0x80 ./src/sseg.o
                0x00000a60                bcdto7seg
 .text.update_display
                0x00000ae0       0x9c ./src/sseg.o
                0x00000ae0                update_display
 .text.blink_left
                0x00000b7c       0x20 ./src/sseg.o
                0x00000b7c                blink_left
 .text.blink_right
                0x00000b9c       0x20 ./src/sseg.o
                0x00000b9c                blink_right
 .text.set_mode
                0x00000bbc       0x24 ./src/sseg.o
                0x00000bbc                set_mode
 .text.mod_setpoint
                0x00000be0       0x94 ./src/sseg.o
                0x00000be0                mod_setpoint
 .text.SysTick_Handler
                0x00000c74      0x14c ./src/sseg.o
                0x00000c74                SysTick_Handler
 .text.sseg_init
                0x00000dc0      0x1dc ./src/sseg.o
                0x00000dc0                sseg_init
 .text.NVIC_EnableIRQ
                0x00000f9c       0x2c ./src/ssp.o
 .text.SSP0_IRQHandler
                0x00000fc8       0x6c ./src/ssp.o
                0x00000fc8                SSP0_IRQHandler
 .text.SSP1_IRQHandler
                0x00001034       0x6c ./src/ssp.o
                0x00001034                SSP1_IRQHandler
 .text.SSP_IOConfig
                0x000010a0      0x138 ./src/ssp.o
                0x000010a0                SSP_IOConfig
 .text.SSP_Init
                0x000011d8       0xd0 ./src/ssp.o
                0x000011d8                SSP_Init
 .text.SSP_Send
                0x000012a8       0xb4 ./src/ssp.o
                0x000012a8                SSP_Send
 .text.SSP_Receive
                0x0000135c       0x5c ./src/ssp.o
                0x0000135c                SSP_Receive
 .text.SystemInit
                0x000013b8       0x7c /home/rattboi/Code/loadframe-capstone-psu2013/code/CMSISv2p00_LPC11xx/Debug/libCMSISv2p00_LPC11xx.a(system_LPC11xx.o)
                0x000013b8                SystemInit
 .text.__weak_main
                0x00001434        0x8 /usr/local/lpcxpresso_4.3.0_1025/lpcxpresso/tools/bin/../lib/gcc/arm-none-eabi/4.5.1/../../../../arm-none-eabi/lib/armv6-m/libcr_c.a(__weak__main.o)
                0x00001434                __main
                0x00001434                __weak_main
 .text.__aeabi_division_idivmod
                0x0000143c        0x6 /usr/local/lpcxpresso_4.3.0_1025/lpcxpresso/tools/bin/../lib/gcc/arm-none-eabi/4.5.1/armv6-m/libcr_eabihelpers.a(division.o)
                0x0000143c                __aeabi_idiv
                0x0000143c                __aeabi_idivmod
 .text.__aeabi_division_uidivmod
                0x00001442       0x72 /usr/local/lpcxpresso_4.3.0_1025/lpcxpresso/tools/bin/../lib/gcc/arm-none-eabi/4.5.1/armv6-m/libcr_eabihelpers.a(division.o)
                0x00001442                __aeabi_uidiv
                0x00001442                __aeabi_uidivmod
 .text.__aeabi_division_idiv0
                0x000014b4        0x2 /usr/local/lpcxpresso_4.3.0_1025/lpcxpresso/tools/bin/../lib/gcc/arm-none-eabi/4.5.1/armv6-m/libcr_eabihelpers.a(division.o)
                0x000014b4                __aeabi_idiv0
 *(.rodata .rodata.*)
 *fill*         0x000014b6        0x2 00
 .rodata.LPC_GPIO
                0x000014b8       0x10 ./src/gpio.o
 .rodata.LPC_GPIO
                0x000014c8       0x10 ./src/main.o
                0x000014d8                . = ALIGN (0x4)

.glue_7         0x000014d8        0x0
 .glue_7        0x00000000        0x0 linker stubs

.glue_7t        0x000014d8        0x0
 .glue_7t       0x00000000        0x0 linker stubs

.vfp11_veneer   0x000014d8        0x0
 .vfp11_veneer  0x00000000        0x0 linker stubs

.v4_bx          0x000014d8        0x0
 .v4_bx         0x00000000        0x0 linker stubs

.ARM.extab
 *(.ARM.extab* .gnu.linkonce.armextab.*)
                0x000014d8                __exidx_start = .

.ARM.exidx
 *(.ARM.exidx* .gnu.linkonce.armexidx.*)
                0x000014d8                __exidx_end = .
                0x000014d8                _etext = .

.uninit_RESERVED
                0x10000000        0x0
 *(.bss.$RESERVED*)
                0x10000000                . = ALIGN (0x4)
                0x10000000                _end_uninit_RESERVED = .

.data           0x10000000       0xb0 load address 0x000014d8
 FILL mask 0xff
                0x10000000                _data = .
 *(vtable)
 *(.data*)
 .data.output.1568
                0x10000000       0x90 ./src/main.o
 .data.sseg     0x10000090       0x20 ./src/sseg.o
                0x10000090                sseg
                0x100000b0                . = ALIGN (0x4)
                0x100000b0                _edata = .

.bss            0x100000b0       0xcc load address 0x00001588
                0x100000b0                _bss = .
 *(.bss*)
 .bss.enc_last.1616
                0x100000b0        0x4 ./src/main.o
 .bss.mode.1611
                0x100000b4        0x4 ./src/main.o
 .bss.left_last.1601
                0x100000b8        0x4 ./src/main.o
 .bss.right_last.1602
                0x100000bc        0x4 ./src/main.o
 .bss.integrator.1567
                0x100000c0       0x90 ./src/main.o
 .bss.character.1586
                0x10000150        0x4 ./src/sseg.o
 .bss.blinkrate.1587
                0x10000154        0x4 ./src/sseg.o
 .bss.interruptRxStat0
                0x10000158        0x4 ./src/ssp.o
                0x10000158                interruptRxStat0
 .bss.interruptOverRunStat0
                0x1000015c        0x4 ./src/ssp.o
                0x1000015c                interruptOverRunStat0
 .bss.interruptRxTimeoutStat0
                0x10000160        0x4 ./src/ssp.o
                0x10000160                interruptRxTimeoutStat0
 .bss.interruptRxStat1
                0x10000164        0x4 ./src/ssp.o
                0x10000164                interruptRxStat1
 .bss.interruptOverRunStat1
                0x10000168        0x4 ./src/ssp.o
                0x10000168                interruptOverRunStat1
 .bss.interruptRxTimeoutStat1
                0x1000016c        0x4 ./src/ssp.o
                0x1000016c                interruptRxTimeoutStat1
 *(COMMON)
 COMMON         0x10000170        0xa ./src/sseg.o
                0x10000170                writebuf
                0x1000017c                . = ALIGN (0x4)
 *fill*         0x1000017a        0x2 00
                0x1000017c                _ebss = .
                0x1000017c                PROVIDE (end, .)
                0x1000017c                PROVIDE (_pvHeapStart, .)
                0x10002000                PROVIDE (_vStackTop, (__top_RamLoc8 - 0x0))
OUTPUT(loadframe.axf elf32-littlearm)

.debug_abbrev   0x00000000      0xaa0
 .debug_abbrev  0x00000000       0x92 ./src/adc.o
 .debug_abbrev  0x00000092      0x107 ./src/cr_startup_lpc11.o
 .debug_abbrev  0x00000199      0x128 ./src/dac.o
 .debug_abbrev  0x000002c1      0x192 ./src/gpio.o
 .debug_abbrev  0x00000453      0x1da ./src/main.o
 .debug_abbrev  0x0000062d      0x18d ./src/sseg.o
 .debug_abbrev  0x000007ba      0x1fa ./src/ssp.o
 .debug_abbrev  0x000009b4       0xec /home/rattboi/Code/loadframe-capstone-psu2013/code/CMSISv2p00_LPC11xx/Debug/libCMSISv2p00_LPC11xx.a(system_LPC11xx.o)

.debug_info     0x00000000     0x2b10
 .debug_info    0x00000000      0x10b ./src/adc.o
 .debug_info    0x0000010b      0x29a ./src/cr_startup_lpc11.o
 .debug_info    0x000003a5      0x2ea ./src/dac.o
 .debug_info    0x0000068f      0x7a0 ./src/gpio.o
 .debug_info    0x00000e2f      0x5b6 ./src/main.o
 .debug_info    0x000013e5      0x480 ./src/sseg.o
 .debug_info    0x00001865      0xdc7 ./src/ssp.o
 .debug_info    0x0000262c      0x4e4 /home/rattboi/Code/loadframe-capstone-psu2013/code/CMSISv2p00_LPC11xx/Debug/libCMSISv2p00_LPC11xx.a(system_LPC11xx.o)

.debug_line     0x00000000     0x24b5
 .debug_line    0x00000000      0x404 ./src/adc.o
 .debug_line    0x00000404      0x39c ./src/cr_startup_lpc11.o
 .debug_line    0x000007a0      0x413 ./src/dac.o
 .debug_line    0x00000bb3      0x4cf ./src/gpio.o
 .debug_line    0x00001082      0x59b ./src/main.o
 .debug_line    0x0000161d      0x56b ./src/sseg.o
 .debug_line    0x00001b88      0x53c ./src/ssp.o
 .debug_line    0x000020c4      0x3f1 /home/rattboi/Code/loadframe-capstone-psu2013/code/CMSISv2p00_LPC11xx/Debug/libCMSISv2p00_LPC11xx.a(system_LPC11xx.o)

.debug_macinfo  0x00000000    0x24b4c
 .debug_macinfo
                0x00000000     0x4e5f ./src/adc.o
 .debug_macinfo
                0x00004e5f     0x32bb ./src/cr_startup_lpc11.o
 .debug_macinfo
                0x0000811a     0x4e97 ./src/dac.o
 .debug_macinfo
                0x0000cfb1     0x4ac9 ./src/gpio.o
 .debug_macinfo
                0x00011a7a     0x4f12 ./src/main.o
 .debug_macinfo
                0x0001698c     0x489d ./src/sseg.o
 .debug_macinfo
                0x0001b229     0x4e61 ./src/ssp.o
 .debug_macinfo
                0x0002008a     0x4ac2 /home/rattboi/Code/loadframe-capstone-psu2013/code/CMSISv2p00_LPC11xx/Debug/libCMSISv2p00_LPC11xx.a(system_LPC11xx.o)

.debug_loc      0x00000000      0xbb9
 .debug_loc     0x00000000       0x64 ./src/adc.o
 .debug_loc     0x00000064      0x2e1 ./src/cr_startup_lpc11.o
 .debug_loc     0x00000345       0x64 ./src/dac.o
 .debug_loc     0x000003a9      0x1b4 ./src/gpio.o
 .debug_loc     0x0000055d      0x1a8 ./src/main.o
 .debug_loc     0x00000705      0x218 ./src/sseg.o
 .debug_loc     0x0000091d      0x1c0 ./src/ssp.o
 .debug_loc     0x00000add       0xdc /home/rattboi/Code/loadframe-capstone-psu2013/code/CMSISv2p00_LPC11xx/Debug/libCMSISv2p00_LPC11xx.a(system_LPC11xx.o)

.debug_pubnames
                0x00000000      0x480
 .debug_pubnames
                0x00000000       0x2c ./src/adc.o
 .debug_pubnames
                0x0000002c       0xbe ./src/cr_startup_lpc11.o
 .debug_pubnames
                0x000000ea       0x2c ./src/dac.o
 .debug_pubnames
                0x00000116       0x9c ./src/gpio.o
 .debug_pubnames
                0x000001b2       0xa5 ./src/main.o
 .debug_pubnames
                0x00000257       0xc1 ./src/sseg.o
 .debug_pubnames
                0x00000318      0x119 ./src/ssp.o
 .debug_pubnames
                0x00000431       0x4f /home/rattboi/Code/loadframe-capstone-psu2013/code/CMSISv2p00_LPC11xx/Debug/libCMSISv2p00_LPC11xx.a(system_LPC11xx.o)

.debug_pubtypes
                0x00000000      0x27f
 .debug_pubtypes
                0x00000000       0x30 ./src/adc.o
 .debug_pubtypes
                0x00000030       0x12 ./src/cr_startup_lpc11.o
 .debug_pubtypes
                0x00000042       0x61 ./src/dac.o
 .debug_pubtypes
                0x000000a3       0x4b ./src/gpio.o
 .debug_pubtypes
                0x000000ee       0x63 ./src/main.o
 .debug_pubtypes
                0x00000151       0x45 ./src/sseg.o
 .debug_pubtypes
                0x00000196       0xb3 ./src/ssp.o
 .debug_pubtypes
                0x00000249       0x36 /home/rattboi/Code/loadframe-capstone-psu2013/code/CMSISv2p00_LPC11xx/Debug/libCMSISv2p00_LPC11xx.a(system_LPC11xx.o)

.debug_aranges  0x00000000      0x248
 .debug_aranges
                0x00000000       0x28 ./src/adc.o
 .debug_aranges
                0x00000028       0x60 ./src/cr_startup_lpc11.o
 .debug_aranges
                0x00000088       0x28 ./src/dac.o
 .debug_aranges
                0x000000b0       0x58 ./src/gpio.o
 .debug_aranges
                0x00000108       0x58 ./src/main.o
 .debug_aranges
                0x00000160       0x68 ./src/sseg.o
 .debug_aranges
                0x000001c8       0x58 ./src/ssp.o
 .debug_aranges
                0x00000220       0x28 /home/rattboi/Code/loadframe-capstone-psu2013/code/CMSISv2p00_LPC11xx/Debug/libCMSISv2p00_LPC11xx.a(system_LPC11xx.o)

.debug_ranges   0x00000000      0x1c8
 .debug_ranges  0x00000000       0x18 ./src/adc.o
 .debug_ranges  0x00000018       0x50 ./src/cr_startup_lpc11.o
 .debug_ranges  0x00000068       0x18 ./src/dac.o
 .debug_ranges  0x00000080       0x48 ./src/gpio.o
 .debug_ranges  0x000000c8       0x48 ./src/main.o
 .debug_ranges  0x00000110       0x58 ./src/sseg.o
 .debug_ranges  0x00000168       0x48 ./src/ssp.o
 .debug_ranges  0x000001b0       0x18 /home/rattboi/Code/loadframe-capstone-psu2013/code/CMSISv2p00_LPC11xx/Debug/libCMSISv2p00_LPC11xx.a(system_LPC11xx.o)

.debug_str      0x00000000      0xce5
 .debug_str     0x00000000      0x100 ./src/adc.o
                                0x122 (size before relaxing)
 .debug_str     0x00000100      0x12e ./src/cr_startup_lpc11.o
                                0x1fc (size before relaxing)
 .debug_str     0x0000022e       0x9f ./src/dac.o
                                0x170 (size before relaxing)
 .debug_str     0x000002cd      0x2ec ./src/gpio.o
                                0x3fe (size before relaxing)
 .debug_str     0x000005b9      0x14e ./src/main.o
                                0x2a8 (size before relaxing)
 .debug_str     0x00000707       0xbc ./src/sseg.o
                                0x22e (size before relaxing)
 .debug_str     0x000007c3      0x47f ./src/ssp.o
                                0x80c (size before relaxing)
 .debug_str     0x00000c42       0xa3 /home/rattboi/Code/loadframe-capstone-psu2013/code/CMSISv2p00_LPC11xx/Debug/libCMSISv2p00_LPC11xx.a(system_LPC11xx.o)
                                0x388 (size before relaxing)

.comment        0x00000000       0x2a
 .comment       0x00000000       0x2a ./src/adc.o
                                 0x2b (size before relaxing)
 .comment       0x00000000       0x2b ./src/cr_startup_lpc11.o
 .comment       0x00000000       0x2b ./src/dac.o
 .comment       0x00000000       0x2b ./src/gpio.o
 .comment       0x00000000       0x2b ./src/main.o
 .comment       0x00000000       0x2b ./src/sseg.o
 .comment       0x00000000       0x2b ./src/ssp.o
 .comment       0x00000000       0x2b /home/rattboi/Code/loadframe-capstone-psu2013/code/CMSISv2p00_LPC11xx/Debug/libCMSISv2p00_LPC11xx.a(system_LPC11xx.o)
 .comment       0x00000000       0x2b /usr/local/lpcxpresso_4.3.0_1025/lpcxpresso/tools/bin/../lib/gcc/arm-none-eabi/4.5.1/../../../../arm-none-eabi/lib/armv6-m/libcr_c.a(__weak__main.o)

.ARM.attributes
                0x00000000       0x31
 .ARM.attributes
                0x00000000       0x33 ./src/adc.o
 .ARM.attributes
                0x00000033       0x33 ./src/cr_startup_lpc11.o
 .ARM.attributes
                0x00000066       0x33 ./src/dac.o
 .ARM.attributes
                0x00000099       0x33 ./src/gpio.o
 .ARM.attributes
                0x000000cc       0x33 ./src/main.o
 .ARM.attributes
                0x000000ff       0x33 ./src/sseg.o
 .ARM.attributes
                0x00000132       0x33 ./src/ssp.o
 .ARM.attributes
                0x00000165       0x33 /home/rattboi/Code/loadframe-capstone-psu2013/code/CMSISv2p00_LPC11xx/Debug/libCMSISv2p00_LPC11xx.a(system_LPC11xx.o)
 .ARM.attributes
                0x00000198       0x33 /usr/local/lpcxpresso_4.3.0_1025/lpcxpresso/tools/bin/../lib/gcc/arm-none-eabi/4.5.1/../../../../arm-none-eabi/lib/armv6-m/libcr_c.a(__weak__main.o)
 .ARM.attributes
                0x000001cb       0x23 /usr/local/lpcxpresso_4.3.0_1025/lpcxpresso/tools/bin/../lib/gcc/arm-none-eabi/4.5.1/armv6-m/libcr_eabihelpers.a(division.o)

.debug_frame    0x00000000      0x630
 .debug_frame   0x00000000       0x4c ./src/adc.o
 .debug_frame   0x0000004c       0xe8 ./src/cr_startup_lpc11.o
 .debug_frame   0x00000134       0x4c ./src/dac.o
 .debug_frame   0x00000180      0x10c ./src/gpio.o
 .debug_frame   0x0000028c      0x108 ./src/main.o
 .debug_frame   0x00000394      0x148 ./src/sseg.o
 .debug_frame   0x000004dc      0x110 ./src/ssp.o
 .debug_frame   0x000005ec       0x44 /home/rattboi/Code/loadframe-capstone-psu2013/code/CMSISv2p00_LPC11xx/Debug/libCMSISv2p00_LPC11xx.a(system_LPC11xx.o)
