Archive member included because of file (symbol)

/home/rattboi/Code/loadframe-capstone-psu2013/code/CMSISv2p00_LPC11xx/Debug/libCMSISv2p00_LPC11xx.a(system_LPC11xx.o)
                              ./src/cr_startup_lpc11.o (SystemInit)
/usr/local/lpcxpresso_4.3.0_1025/lpcxpresso/tools/bin/../lib/gcc/arm-none-eabi/4.5.1/../../../../arm-none-eabi/lib/armv6-m/libcr_c.a(__weak__main.o)
                              ./src/cr_startup_lpc11.o (__main)
/usr/local/lpcxpresso_4.3.0_1025/lpcxpresso/tools/bin/../lib/gcc/arm-none-eabi/4.5.1/armv6-m/libcr_eabihelpers.a(division.o)
                              ./src/main.o (__aeabi_idivmod)

Allocating common symbols
Common symbol       size              file

writebuf            0xa               ./src/sseg.o

Discarded input sections

 .text          0x00000000        0x0 ./src/adc.o
 .data          0x00000000        0x0 ./src/adc.o
 .bss           0x00000000        0x0 ./src/adc.o
 .text          0x00000000        0x0 ./src/cr_startup_lpc11.o
 .data          0x00000000        0x0 ./src/cr_startup_lpc11.o
 .bss           0x00000000        0x0 ./src/cr_startup_lpc11.o
 .text          0x00000000        0x0 ./src/dac.o
 .data          0x00000000        0x0 ./src/dac.o
 .bss           0x00000000        0x0 ./src/dac.o
 .rodata.LPC_GPIO
                0x00000000       0x10 ./src/dac.o
 .text.dac_send
                0x00000000       0x70 ./src/dac.o
 .text          0x00000000        0x0 ./src/gpio.o
 .data          0x00000000        0x0 ./src/gpio.o
 .bss           0x00000000        0x0 ./src/gpio.o
 .text.GPIOSetInterrupt
                0x00000000      0x334 ./src/gpio.o
 .text.GPIOIntEnable
                0x00000000       0xa8 ./src/gpio.o
 .text.GPIOIntDisable
                0x00000000       0xa8 ./src/gpio.o
 .text.GPIOIntStatus
                0x00000000       0xbc ./src/gpio.o
 .text.GPIOIntClear
                0x00000000       0xa8 ./src/gpio.o
 .text          0x00000000        0x0 ./src/main.o
 .data          0x00000000        0x0 ./src/main.o
 .bss           0x00000000        0x0 ./src/main.o
 .text.GetButton
                0x00000000       0x5c ./src/main.o
 .bss.sample.1578
                0x00000000        0x2 ./src/main.o
 .bss.state.1574
                0x00000000       0x18 ./src/main.o
 .bss.last_state.1573
                0x00000000       0x18 ./src/main.o
 .bss.button.1572
                0x00000000       0x18 ./src/main.o
 .text          0x00000000        0x0 ./src/sseg.o
 .data          0x00000000        0x0 ./src/sseg.o
 .bss           0x00000000        0x0 ./src/sseg.o
 .text          0x00000000        0x0 ./src/ssp.o
 .data          0x00000000        0x0 ./src/ssp.o
 .bss           0x00000000        0x0 ./src/ssp.o
 .rodata.LPC_GPIO
                0x00000000       0x10 ./src/ssp.o
 .text.SSP_Send8
                0x00000000       0xc0 ./src/ssp.o
 .text          0x00000000        0x0 /home/rattboi/Code/loadframe-capstone-psu2013/code/CMSISv2p00_LPC11xx/Debug/libCMSISv2p00_LPC11xx.a(system_LPC11xx.o)
 .data          0x00000000        0x0 /home/rattboi/Code/loadframe-capstone-psu2013/code/CMSISv2p00_LPC11xx/Debug/libCMSISv2p00_LPC11xx.a(system_LPC11xx.o)
 .bss           0x00000000        0x0 /home/rattboi/Code/loadframe-capstone-psu2013/code/CMSISv2p00_LPC11xx/Debug/libCMSISv2p00_LPC11xx.a(system_LPC11xx.o)
 .text.SystemCoreClockUpdate
                0x00000000       0x9c /home/rattboi/Code/loadframe-capstone-psu2013/code/CMSISv2p00_LPC11xx/Debug/libCMSISv2p00_LPC11xx.a(system_LPC11xx.o)
 .rodata.CSWTCH.6
                0x00000000       0x40 /home/rattboi/Code/loadframe-capstone-psu2013/code/CMSISv2p00_LPC11xx/Debug/libCMSISv2p00_LPC11xx.a(system_LPC11xx.o)
 .data.SystemCoreClock
                0x00000000        0x4 /home/rattboi/Code/loadframe-capstone-psu2013/code/CMSISv2p00_LPC11xx/Debug/libCMSISv2p00_LPC11xx.a(system_LPC11xx.o)
 .text          0x00000000        0x0 /usr/local/lpcxpresso_4.3.0_1025/lpcxpresso/tools/bin/../lib/gcc/arm-none-eabi/4.5.1/../../../../arm-none-eabi/lib/armv6-m/libcr_c.a(__weak__main.o)
 .data          0x00000000        0x0 /usr/local/lpcxpresso_4.3.0_1025/lpcxpresso/tools/bin/../lib/gcc/arm-none-eabi/4.5.1/../../../../arm-none-eabi/lib/armv6-m/libcr_c.a(__weak__main.o)
 .bss           0x00000000        0x0 /usr/local/lpcxpresso_4.3.0_1025/lpcxpresso/tools/bin/../lib/gcc/arm-none-eabi/4.5.1/../../../../arm-none-eabi/lib/armv6-m/libcr_c.a(__weak__main.o)
 .text          0x00000000        0x0 /usr/local/lpcxpresso_4.3.0_1025/lpcxpresso/tools/bin/../lib/gcc/arm-none-eabi/4.5.1/armv6-m/libcr_eabihelpers.a(division.o)
 .data          0x00000000        0x0 /usr/local/lpcxpresso_4.3.0_1025/lpcxpresso/tools/bin/../lib/gcc/arm-none-eabi/4.5.1/armv6-m/libcr_eabihelpers.a(division.o)
 .bss           0x00000000        0x0 /usr/local/lpcxpresso_4.3.0_1025/lpcxpresso/tools/bin/../lib/gcc/arm-none-eabi/4.5.1/armv6-m/libcr_eabihelpers.a(division.o)
 .text.__aeabi_division_uldivmod
                0x00000000       0x5a /usr/local/lpcxpresso_4.3.0_1025/lpcxpresso/tools/bin/../lib/gcc/arm-none-eabi/4.5.1/armv6-m/libcr_eabihelpers.a(division.o)
 .text.__aeabi_division_ldivmod
                0x00000000       0x32 /usr/local/lpcxpresso_4.3.0_1025/lpcxpresso/tools/bin/../lib/gcc/arm-none-eabi/4.5.1/armv6-m/libcr_eabihelpers.a(division.o)
 .text.__aeabi_division_ldiv0
                0x00000000        0x2 /usr/local/lpcxpresso_4.3.0_1025/lpcxpresso/tools/bin/../lib/gcc/arm-none-eabi/4.5.1/armv6-m/libcr_eabihelpers.a(division.o)
 .text.__aeabi_division_idivq31+15
                0x00000000      0x188 /usr/local/lpcxpresso_4.3.0_1025/lpcxpresso/tools/bin/../lib/gcc/arm-none-eabi/4.5.1/armv6-m/libcr_eabihelpers.a(division.o)

Memory Configuration

Name             Origin             Length             Attributes
MFlash32         0x00000000         0x00008000         xr
RamLoc8          0x10000000         0x00002000         xrw
*default*        0x00000000         0xffffffff

Linker script and memory map

LOAD ./src/adc.o
LOAD ./src/cr_startup_lpc11.o
LOAD ./src/dac.o
LOAD ./src/gpio.o
LOAD ./src/main.o
LOAD ./src/sseg.o
LOAD ./src/ssp.o
LOAD /home/rattboi/Code/loadframe-capstone-psu2013/code/CMSISv2p00_LPC11xx/Debug/libCMSISv2p00_LPC11xx.a
START GROUP
LOAD /usr/local/lpcxpresso_4.3.0_1025/lpcxpresso/tools/bin/../lib/gcc/arm-none-eabi/4.5.1/../../../../arm-none-eabi/lib/armv6-m/libcr_c.a
LOAD /usr/local/lpcxpresso_4.3.0_1025/lpcxpresso/tools/bin/../lib/gcc/arm-none-eabi/4.5.1/armv6-m/libcr_eabihelpers.a
END GROUP
                0x00008000                __top_MFlash32 = 0x8000
                0x10002000                __top_RamLoc8 = 0x10002000

.text           0x00000000     0x1438
 FILL mask 0xff
 *(.isr_vector)
 .isr_vector    0x00000000       0xc0 ./src/cr_startup_lpc11.o
                0x00000000                g_pfnVectors
                0x000000c0                . = ALIGN (0x4)
                0x000000c0                __section_table_start = .
                0x000000c0                __data_section_table = .
                0x000000c0        0x4 LONG 0x1438 LOADADDR (.data)
                0x000000c4        0x4 LONG 0x10000000 ADDR (.data)
                0x000000c8        0x4 LONG 0x9c SIZEOF (.data)
                0x000000cc                __data_section_table_end = .
                0x000000cc                __bss_section_table = .
                0x000000cc        0x4 LONG 0x1000009c ADDR (.bss)
                0x000000d0        0x4 LONG 0xc0 SIZEOF (.bss)
                0x000000d4                __bss_section_table_end = .
                0x000000d4                __section_table_end = .
 *(.after_vectors*)
 .after_vectors
                0x000000d4       0x7c ./src/cr_startup_lpc11.o
                0x000000d4                NMI_Handler
                0x000000d8                HardFault_Handler
                0x000000dc                SVC_Handler
                0x000000e0                PendSV_Handler
                0x000000e8                data_init
                0x000000fa                bss_init
                0x0000010c                ResetISR
                0x0000014c                TIMER16_0_IRQHandler
                0x0000014c                UART_IRQHandler
                0x0000014c                TIMER32_0_IRQHandler
                0x0000014c                TIMER32_1_IRQHandler
                0x0000014c                IntDefaultHandler
                0x0000014c                PIOINT1_IRQHandler
                0x0000014c                CAN_IRQHandler
                0x0000014c                TIMER16_1_IRQHandler
                0x0000014c                ADC_IRQHandler
                0x0000014c                PIOINT2_IRQHandler
                0x0000014c                BOD_IRQHandler
                0x0000014c                WAKEUP_IRQHandler
                0x0000014c                PIOINT0_IRQHandler
                0x0000014c                I2C_IRQHandler
                0x0000014c                WDT_IRQHandler
                0x0000014c                PIOINT3_IRQHandler
                0x000002fc                . = 0x2fc
 *fill*         0x00000150      0x1ac ff
                0x000002fc                PROVIDE (__CRP_WORD_START__, .)
 *(.crp)
 .crp           0x000002fc        0x4 ./src/main.o
                0x000002fc                CRP_WORD
                0x00000300                PROVIDE (__CRP_WORD_END__, .)
                0x00000001                ASSERT (! ((__CRP_WORD_START__ == __CRP_WORD_END__)), Linker CRP Enabled, but no CRP_WORD provided within application)
 *(.text*)
 .text.adc_init
                0x00000300       0x18 ./src/adc.o
                0x00000300                adc_init
 .text.adc_read
                0x00000318       0x90 ./src/adc.o
                0x00000318                adc_read
 .text.dac_init
                0x000003a8       0x18 ./src/dac.o
                0x000003a8                dac_init
 .text.GPIOInit
                0x000003c0       0x1c ./src/gpio.o
                0x000003c0                GPIOInit
 .text.GPIOSetValue
                0x000003dc       0x38 ./src/gpio.o
                0x000003dc                GPIOSetValue
 .text.GPIOSetDir
                0x00000414       0x74 ./src/gpio.o
                0x00000414                GPIOSetDir
 .text.ProcessButton
                0x00000488      0x174 ./src/main.o
                0x00000488                ProcessButton
 .text.main     0x000005fc      0x164 ./src/main.o
                0x000005fc                main
 .text.ProcessTareButtons
                0x00000760       0x5c ./src/main.o
                0x00000760                ProcessTareButtons
 .text.ProcessToggleSwitch
                0x000007bc       0x68 ./src/main.o
                0x000007bc                ProcessToggleSwitch
 .text.disp_off
                0x00000824       0x3c ./src/sseg.o
                0x00000824                disp_off
 .text.sendval  0x00000860      0x13c ./src/sseg.o
                0x00000860                sendval
 .text.bcdto7seg
                0x0000099c       0x80 ./src/sseg.o
                0x0000099c                bcdto7seg
 .text.update_display
                0x00000a1c       0x9c ./src/sseg.o
                0x00000a1c                update_display
 .text.blink_left
                0x00000ab8       0x20 ./src/sseg.o
                0x00000ab8                blink_left
 .text.blink_right
                0x00000ad8       0x20 ./src/sseg.o
                0x00000ad8                blink_right
 .text.SysTick_Handler
                0x00000af8      0x18c ./src/sseg.o
                0x00000af8                SysTick_Handler
 .text.sseg_init
                0x00000c84      0x278 ./src/sseg.o
                0x00000c84                sseg_init
 .text.NVIC_EnableIRQ
                0x00000efc       0x2c ./src/ssp.o
 .text.SSP0_IRQHandler
                0x00000f28       0x6c ./src/ssp.o
                0x00000f28                SSP0_IRQHandler
 .text.SSP1_IRQHandler
                0x00000f94       0x6c ./src/ssp.o
                0x00000f94                SSP1_IRQHandler
 .text.SSP_IOConfig
                0x00001000      0x138 ./src/ssp.o
                0x00001000                SSP_IOConfig
 .text.SSP_Init
                0x00001138       0xd0 ./src/ssp.o
                0x00001138                SSP_Init
 .text.SSP_Send
                0x00001208       0xb4 ./src/ssp.o
                0x00001208                SSP_Send
 .text.SSP_Receive
                0x000012bc       0x5c ./src/ssp.o
                0x000012bc                SSP_Receive
 .text.SystemInit
                0x00001318       0x7c /home/rattboi/Code/loadframe-capstone-psu2013/code/CMSISv2p00_LPC11xx/Debug/libCMSISv2p00_LPC11xx.a(system_LPC11xx.o)
                0x00001318                SystemInit
 .text.__weak_main
                0x00001394        0x8 /usr/local/lpcxpresso_4.3.0_1025/lpcxpresso/tools/bin/../lib/gcc/arm-none-eabi/4.5.1/../../../../arm-none-eabi/lib/armv6-m/libcr_c.a(__weak__main.o)
                0x00001394                __main
                0x00001394                __weak_main
 .text.__aeabi_division_idivmod
                0x0000139c        0x6 /usr/local/lpcxpresso_4.3.0_1025/lpcxpresso/tools/bin/../lib/gcc/arm-none-eabi/4.5.1/armv6-m/libcr_eabihelpers.a(division.o)
                0x0000139c                __aeabi_idiv
                0x0000139c                __aeabi_idivmod
 .text.__aeabi_division_uidivmod
                0x000013a2       0x72 /usr/local/lpcxpresso_4.3.0_1025/lpcxpresso/tools/bin/../lib/gcc/arm-none-eabi/4.5.1/armv6-m/libcr_eabihelpers.a(division.o)
                0x000013a2                __aeabi_uidiv
                0x000013a2                __aeabi_uidivmod
 .text.__aeabi_division_idiv0
                0x00001414        0x2 /usr/local/lpcxpresso_4.3.0_1025/lpcxpresso/tools/bin/../lib/gcc/arm-none-eabi/4.5.1/armv6-m/libcr_eabihelpers.a(division.o)
                0x00001414                __aeabi_idiv0
 *(.rodata .rodata.*)
 *fill*         0x00001416        0x2 00
 .rodata.LPC_GPIO
                0x00001418       0x10 ./src/gpio.o
 .rodata.LPC_GPIO
                0x00001428       0x10 ./src/main.o
                0x00001438                . = ALIGN (0x4)

.glue_7         0x00001438        0x0
 .glue_7        0x00000000        0x0 linker stubs

.glue_7t        0x00001438        0x0
 .glue_7t       0x00000000        0x0 linker stubs

.vfp11_veneer   0x00001438        0x0
 .vfp11_veneer  0x00000000        0x0 linker stubs

.v4_bx          0x00001438        0x0
 .v4_bx         0x00000000        0x0 linker stubs

.ARM.extab
 *(.ARM.extab* .gnu.linkonce.armextab.*)
                0x00001438                __exidx_start = .

.ARM.exidx
 *(.ARM.exidx* .gnu.linkonce.armexidx.*)
                0x00001438                __exidx_end = .
                0x00001438                _etext = .

.uninit_RESERVED
                0x10000000        0x0
 *(.bss.$RESERVED*)
                0x10000000                . = ALIGN (0x4)
                0x10000000                _end_uninit_RESERVED = .

.data           0x10000000       0x9c load address 0x00001438
 FILL mask 0xff
                0x10000000                _data = .
 *(vtable)
 *(.data*)
 .data.output.1567
                0x10000000       0x84 ./src/main.o
 .data.sseg     0x10000084       0x18 ./src/sseg.o
                0x10000084                sseg
                0x1000009c                . = ALIGN (0x4)
                0x1000009c                _edata = .

.bss            0x1000009c       0xc0 load address 0x000014d4
                0x1000009c                _bss = .
 *(.bss*)
 .bss.switch1_last.1599
                0x1000009c        0x4 ./src/main.o
 .bss.switch2_last.1600
                0x100000a0        0x4 ./src/main.o
 .bss.left_last.1589
                0x100000a4        0x4 ./src/main.o
 .bss.right_last.1590
                0x100000a8        0x4 ./src/main.o
 .bss.integrator.1566
                0x100000ac       0x84 ./src/main.o
 .bss.character.1573
                0x10000130        0x4 ./src/sseg.o
 .bss.blinkrate.1574
                0x10000134        0x4 ./src/sseg.o
 .bss.interruptRxStat0
                0x10000138        0x4 ./src/ssp.o
                0x10000138                interruptRxStat0
 .bss.interruptOverRunStat0
                0x1000013c        0x4 ./src/ssp.o
                0x1000013c                interruptOverRunStat0
 .bss.interruptRxTimeoutStat0
                0x10000140        0x4 ./src/ssp.o
                0x10000140                interruptRxTimeoutStat0
 .bss.interruptRxStat1
                0x10000144        0x4 ./src/ssp.o
                0x10000144                interruptRxStat1
 .bss.interruptOverRunStat1
                0x10000148        0x4 ./src/ssp.o
                0x10000148                interruptOverRunStat1
 .bss.interruptRxTimeoutStat1
                0x1000014c        0x4 ./src/ssp.o
                0x1000014c                interruptRxTimeoutStat1
 *(COMMON)
 COMMON         0x10000150        0xa ./src/sseg.o
                0x10000150                writebuf
                0x1000015c                . = ALIGN (0x4)
 *fill*         0x1000015a        0x2 00
                0x1000015c                _ebss = .
                0x1000015c                PROVIDE (end, .)
                0x1000015c                PROVIDE (_pvHeapStart, .)
                0x10002000                PROVIDE (_vStackTop, (__top_RamLoc8 - 0x0))
OUTPUT(loadframe.axf elf32-littlearm)

.debug_abbrev   0x00000000      0xa62
 .debug_abbrev  0x00000000       0x92 ./src/adc.o
 .debug_abbrev  0x00000092      0x107 ./src/cr_startup_lpc11.o
 .debug_abbrev  0x00000199      0x128 ./src/dac.o
 .debug_abbrev  0x000002c1      0x192 ./src/gpio.o
 .debug_abbrev  0x00000453      0x19c ./src/main.o
 .debug_abbrev  0x000005ef      0x18d ./src/sseg.o
 .debug_abbrev  0x0000077c      0x1fa ./src/ssp.o
 .debug_abbrev  0x00000976       0xec /home/rattboi/Code/loadframe-capstone-psu2013/code/CMSISv2p00_LPC11xx/Debug/libCMSISv2p00_LPC11xx.a(system_LPC11xx.o)

.debug_info     0x00000000     0x29ba
 .debug_info    0x00000000      0x10b ./src/adc.o
 .debug_info    0x0000010b      0x29a ./src/cr_startup_lpc11.o
 .debug_info    0x000003a5      0x2ea ./src/dac.o
 .debug_info    0x0000068f      0x7a0 ./src/gpio.o
 .debug_info    0x00000e2f      0x4df ./src/main.o
 .debug_info    0x0000130e      0x401 ./src/sseg.o
 .debug_info    0x0000170f      0xdc7 ./src/ssp.o
 .debug_info    0x000024d6      0x4e4 /home/rattboi/Code/loadframe-capstone-psu2013/code/CMSISv2p00_LPC11xx/Debug/libCMSISv2p00_LPC11xx.a(system_LPC11xx.o)

.debug_line     0x00000000     0x2423
 .debug_line    0x00000000      0x404 ./src/adc.o
 .debug_line    0x00000404      0x39c ./src/cr_startup_lpc11.o
 .debug_line    0x000007a0      0x413 ./src/dac.o
 .debug_line    0x00000bb3      0x4cf ./src/gpio.o
 .debug_line    0x00001082      0x53a ./src/main.o
 .debug_line    0x000015bc      0x53a ./src/sseg.o
 .debug_line    0x00001af6      0x53c ./src/ssp.o
 .debug_line    0x00002032      0x3f1 /home/rattboi/Code/loadframe-capstone-psu2013/code/CMSISv2p00_LPC11xx/Debug/libCMSISv2p00_LPC11xx.a(system_LPC11xx.o)

.debug_macinfo  0x00000000    0x24b4c
 .debug_macinfo
                0x00000000     0x4e5f ./src/adc.o
 .debug_macinfo
                0x00004e5f     0x32bb ./src/cr_startup_lpc11.o
 .debug_macinfo
                0x0000811a     0x4e97 ./src/dac.o
 .debug_macinfo
                0x0000cfb1     0x4ac9 ./src/gpio.o
 .debug_macinfo
                0x00011a7a     0x4f12 ./src/main.o
 .debug_macinfo
                0x0001698c     0x489d ./src/sseg.o
 .debug_macinfo
                0x0001b229     0x4e61 ./src/ssp.o
 .debug_macinfo
                0x0002008a     0x4ac2 /home/rattboi/Code/loadframe-capstone-psu2013/code/CMSISv2p00_LPC11xx/Debug/libCMSISv2p00_LPC11xx.a(system_LPC11xx.o)

.debug_loc      0x00000000      0xab9
 .debug_loc     0x00000000       0x64 ./src/adc.o
 .debug_loc     0x00000064      0x2e1 ./src/cr_startup_lpc11.o
 .debug_loc     0x00000345       0x64 ./src/dac.o
 .debug_loc     0x000003a9      0x1b4 ./src/gpio.o
 .debug_loc     0x0000055d      0x118 ./src/main.o
 .debug_loc     0x00000675      0x1a8 ./src/sseg.o
 .debug_loc     0x0000081d      0x1c0 ./src/ssp.o
 .debug_loc     0x000009dd       0xdc /home/rattboi/Code/loadframe-capstone-psu2013/code/CMSISv2p00_LPC11xx/Debug/libCMSISv2p00_LPC11xx.a(system_LPC11xx.o)

.debug_pubnames
                0x00000000      0x434
 .debug_pubnames
                0x00000000       0x2c ./src/adc.o
 .debug_pubnames
                0x0000002c       0xbe ./src/cr_startup_lpc11.o
 .debug_pubnames
                0x000000ea       0x2c ./src/dac.o
 .debug_pubnames
                0x00000116       0x9c ./src/gpio.o
 .debug_pubnames
                0x000001b2       0x77 ./src/main.o
 .debug_pubnames
                0x00000229       0xa3 ./src/sseg.o
 .debug_pubnames
                0x000002cc      0x119 ./src/ssp.o
 .debug_pubnames
                0x000003e5       0x4f /home/rattboi/Code/loadframe-capstone-psu2013/code/CMSISv2p00_LPC11xx/Debug/libCMSISv2p00_LPC11xx.a(system_LPC11xx.o)

.debug_pubtypes
                0x00000000      0x28c
 .debug_pubtypes
                0x00000000       0x30 ./src/adc.o
 .debug_pubtypes
                0x00000030       0x12 ./src/cr_startup_lpc11.o
 .debug_pubtypes
                0x00000042       0x61 ./src/dac.o
 .debug_pubtypes
                0x000000a3       0x4b ./src/gpio.o
 .debug_pubtypes
                0x000000ee       0x63 ./src/main.o
 .debug_pubtypes
                0x00000151       0x52 ./src/sseg.o
 .debug_pubtypes
                0x000001a3       0xb3 ./src/ssp.o
 .debug_pubtypes
                0x00000256       0x36 /home/rattboi/Code/loadframe-capstone-psu2013/code/CMSISv2p00_LPC11xx/Debug/libCMSISv2p00_LPC11xx.a(system_LPC11xx.o)

.debug_aranges  0x00000000      0x220
 .debug_aranges
                0x00000000       0x28 ./src/adc.o
 .debug_aranges
                0x00000028       0x60 ./src/cr_startup_lpc11.o
 .debug_aranges
                0x00000088       0x28 ./src/dac.o
 .debug_aranges
                0x000000b0       0x58 ./src/gpio.o
 .debug_aranges
                0x00000108       0x40 ./src/main.o
 .debug_aranges
                0x00000148       0x58 ./src/sseg.o
 .debug_aranges
                0x000001a0       0x58 ./src/ssp.o
 .debug_aranges
                0x000001f8       0x28 /home/rattboi/Code/loadframe-capstone-psu2013/code/CMSISv2p00_LPC11xx/Debug/libCMSISv2p00_LPC11xx.a(system_LPC11xx.o)

.debug_ranges   0x00000000      0x1a0
 .debug_ranges  0x00000000       0x18 ./src/adc.o
 .debug_ranges  0x00000018       0x50 ./src/cr_startup_lpc11.o
 .debug_ranges  0x00000068       0x18 ./src/dac.o
 .debug_ranges  0x00000080       0x48 ./src/gpio.o
 .debug_ranges  0x000000c8       0x30 ./src/main.o
 .debug_ranges  0x000000f8       0x48 ./src/sseg.o
 .debug_ranges  0x00000140       0x48 ./src/ssp.o
 .debug_ranges  0x00000188       0x18 /home/rattboi/Code/loadframe-capstone-psu2013/code/CMSISv2p00_LPC11xx/Debug/libCMSISv2p00_LPC11xx.a(system_LPC11xx.o)

.debug_str      0x00000000      0xcbb
 .debug_str     0x00000000      0x100 ./src/adc.o
                                0x122 (size before relaxing)
 .debug_str     0x00000100      0x12e ./src/cr_startup_lpc11.o
                                0x1fc (size before relaxing)
 .debug_str     0x0000022e       0x9f ./src/dac.o
                                0x170 (size before relaxing)
 .debug_str     0x000002cd      0x2ec ./src/gpio.o
                                0x3fe (size before relaxing)
 .debug_str     0x000005b9      0x124 ./src/main.o
                                0x270 (size before relaxing)
 .debug_str     0x000006dd       0xbc ./src/sseg.o
                                0x214 (size before relaxing)
 .debug_str     0x00000799      0x47f ./src/ssp.o
                                0x80c (size before relaxing)
 .debug_str     0x00000c18       0xa3 /home/rattboi/Code/loadframe-capstone-psu2013/code/CMSISv2p00_LPC11xx/Debug/libCMSISv2p00_LPC11xx.a(system_LPC11xx.o)
                                0x388 (size before relaxing)

.comment        0x00000000       0x2a
 .comment       0x00000000       0x2a ./src/adc.o
                                 0x2b (size before relaxing)
 .comment       0x00000000       0x2b ./src/cr_startup_lpc11.o
 .comment       0x00000000       0x2b ./src/dac.o
 .comment       0x00000000       0x2b ./src/gpio.o
 .comment       0x00000000       0x2b ./src/main.o
 .comment       0x00000000       0x2b ./src/sseg.o
 .comment       0x00000000       0x2b ./src/ssp.o
 .comment       0x00000000       0x2b /home/rattboi/Code/loadframe-capstone-psu2013/code/CMSISv2p00_LPC11xx/Debug/libCMSISv2p00_LPC11xx.a(system_LPC11xx.o)
 .comment       0x00000000       0x2b /usr/local/lpcxpresso_4.3.0_1025/lpcxpresso/tools/bin/../lib/gcc/arm-none-eabi/4.5.1/../../../../arm-none-eabi/lib/armv6-m/libcr_c.a(__weak__main.o)

.ARM.attributes
                0x00000000       0x31
 .ARM.attributes
                0x00000000       0x33 ./src/adc.o
 .ARM.attributes
                0x00000033       0x33 ./src/cr_startup_lpc11.o
 .ARM.attributes
                0x00000066       0x33 ./src/dac.o
 .ARM.attributes
                0x00000099       0x33 ./src/gpio.o
 .ARM.attributes
                0x000000cc       0x33 ./src/main.o
 .ARM.attributes
                0x000000ff       0x33 ./src/sseg.o
 .ARM.attributes
                0x00000132       0x33 ./src/ssp.o
 .ARM.attributes
                0x00000165       0x33 /home/rattboi/Code/loadframe-capstone-psu2013/code/CMSISv2p00_LPC11xx/Debug/libCMSISv2p00_LPC11xx.a(system_LPC11xx.o)
 .ARM.attributes
                0x00000198       0x33 /usr/local/lpcxpresso_4.3.0_1025/lpcxpresso/tools/bin/../lib/gcc/arm-none-eabi/4.5.1/../../../../arm-none-eabi/lib/armv6-m/libcr_c.a(__weak__main.o)
 .ARM.attributes
                0x000001cb       0x23 /usr/local/lpcxpresso_4.3.0_1025/lpcxpresso/tools/bin/../lib/gcc/arm-none-eabi/4.5.1/armv6-m/libcr_eabihelpers.a(division.o)

.debug_frame    0x00000000      0x598
 .debug_frame   0x00000000       0x4c ./src/adc.o
 .debug_frame   0x0000004c       0xe8 ./src/cr_startup_lpc11.o
 .debug_frame   0x00000134       0x4c ./src/dac.o
 .debug_frame   0x00000180      0x10c ./src/gpio.o
 .debug_frame   0x0000028c       0xb0 ./src/main.o
 .debug_frame   0x0000033c      0x108 ./src/sseg.o
 .debug_frame   0x00000444      0x110 ./src/ssp.o
 .debug_frame   0x00000554       0x44 /home/rattboi/Code/loadframe-capstone-psu2013/code/CMSISv2p00_LPC11xx/Debug/libCMSISv2p00_LPC11xx.a(system_LPC11xx.o)
